Using Threshold: 0.48

--- MALIGNANT TEST IMAGES ---
1. ISIC_0024310.jpg | Pred: MALIGNANT | Prob:  80.2% | Tone: Very Light | ITA: 72.8
2. ISIC_0024313.jpg | Pred: MALIGNANT | Prob:  50.9% | Tone: Very Light | ITA: 90.0
3. ISIC_0024315.jpg | Pred: MALIGNANT | Prob:  72.6% | Tone: Very Light | ITA: 90.0
4. ISIC_0024323.jpg | Pred: MALIGNANT | Prob:  70.0% | Tone: Light | ITA: 52.9
5. ISIC_0024333.jpg | Pred: MALIGNANT | Prob:  70.6% | Tone: Very Light | ITA: 90.0

--- BENIGN TEST IMAGES ---
1. ISIC_0024306.jpg | Pred: BENIGN    | Prob:   8.3% | Tone: Light | ITA: 53.1
2. ISIC_0024307.jpg | Pred: BENIGN    | Prob:   1.2% | Tone: Very Light | ITA: 61.8
3. ISIC_0024308.jpg | Pred: BENIGN    | Prob:   7.4% | Tone: Very Light | ITA: 71.7
4. ISIC_0024309.jpg | Pred: BENIGN    | Prob:  12.4% | Tone: Light | ITA: 51.5
5. ISIC_0024311.jpg | Pred: BENIGN    | Prob:   3.6% | Tone: Very Light | ITA: 74.9
